// Jest Snapshot v1, https://goo.gl/fbAQLP

exports[`should render expense edit page correctly 1`] = `
<div>
  <ExpenseForm
    expense={
      Object {
        "amount": 200,
        "createdAt": 0,
        "description": "gum",
        "id": "1",
        "note": "",
      }
    }
    onSubmit={[Function]}
  />
  <button
    onClick={[Function]}
  >
    remove
  </button>
</div>
`;
