// Jest Snapshot v1, https://goo.gl/fbAQLP

exports[`should Render ExpenseDashboardPage Componenet Correctly 1`] = `
<div>
  <Connect(ExpenseSummery) />
  <Connect(ExpenseListFilters) />
  <Connect(ExpenseList) />
</div>
`;
